<font color=#00FF00>vidime <font color=#FF0000>aaa</font> zde</font>
