if <b>a></b>b then
	p = 89%
else
	p = 100%
end if

string s = "string ev<b>al</b>u<b>at</b>ion test"
