<b>šš</b><br />
<font color=#a8a8a8>čč</font><br />
<i>ÁHôJ</i><br />
