šš
čč
Á<font color=#a8a8a8><i>H</i></font>ô<font color=#a8a8a8><i>J</i></font>
