if <b>a</b>><b>b</b> then
	p = 89%
else
	p = 100%
end if

string s = "string ev<b>a</b>lu<b>a</b>tion test"
